🚀 启动自动下载工具...
Go 版本: go version go1.25.1 linux/amd64
Wails 版本: v2.10.2
[31;107m[31;107m ♥  [0m[0m [92m[92mIf Wails is useful to you or your company, please consider sponsoring the project:[0m[0m
https://github.com/sponsors/leaanthony
🌐 使用系统 Chrome浏览器...
[0;92mWails CLI[0m [0;31mv2.10.2[0m

[0;92mExecuting: go mod tidy[0m
  [90m[90m•[0m[0m [39m[39mGenerating bindings: [0m[0mDone.
  [90m[90m•[0m[0m [39m[39mInstalling frontend dependencies: [0m[0mDone.
  [90m[90m•[0m[0m [39m[39mCompiling frontend: [0m[0mDone.

> frontend@0.0.0 dev
> vite


  VITE v3.2.11  ready in 234 ms

[0;92mVite Server URL: http://localhost:5173/[0m
  ➜  Local:   http://localhost:5173/
  ➜  Network: use --host to expose
[0;92mRunning frontend DevWatcher command: 'npm run dev'[0m
Building application for development...
  [90m[90m•[0m[0m [39m[39mGenerating bindings: [0m[0mDone.
  [90m[90m•[0m[0m [39m[39mCompiling application: [0m[0mDone.
  [90m[90m•[0m[0m [39m[39mPackaging application: [0m[0mDone.

[0;92mUsing DevServer URL: http://localhost:34115[0m
[0;92mUsing Frontend DevServer URL: http://localhost:5173/[0m
[0;92mUsing reload debounce setting of 100 milliseconds[0m
[0;92mWatching (sub)/directory: /home/fzxs/workspaces/duola-tools/insur/tools-inspdinfo/inspdinfo[0m
INF | Serving assets from frontend DevServer URL: http://localhost:5173/
Overriding existing handler for signal 10. Set JSC_SIGNAL_FOR_GC if you want WebKit to use a different signal
[0;92m

To develop in the browser and call your bound Go methods from Javascript, navigate to: http://localhost:34115[0m
[0;92mAdded new directory to watcher: /home/fzxs/workspaces/duola-tools/insur/tools-inspdinfo/inspdinfo/frontend/wailsjs/runtime[0m
[0;92mAdded new directory to watcher: /home/fzxs/workspaces/duola-tools/insur/tools-inspdinfo/inspdinfo/frontend/wailsjs/go[0m
13:03:34 [vite] hmr update /src/App.vue
[0;92mAdded new directory to watcher: /home/fzxs/workspaces/duola-tools/insur/tools-inspdinfo/inspdinfo/frontend/wailsjs/runtime[0m
[0;92mAdded new directory to watcher: /home/fzxs/workspaces/duola-tools/insur/tools-inspdinfo/inspdinfo/frontend/wailsjs/go[0m
13:03:40 [vite] hmr update /src/App.vue
[0;92mAdded new directory to watcher: /home/fzxs/workspaces/duola-tools/insur/tools-inspdinfo/inspdinfo/frontend/wailsjs/runtime[0m
[0;92m[Rebuild triggered] files updated[0m
  [90m[90m•[0m[0m [39m[39mGenerating bindings: [0m[0m13:05:08 [vite] hmr update /src/App.vue
Done.
  [90m[90m•[0m[0m [39m[39mCompiling application: [0m[0mDone.
  [90m[90m•[0m[0m [39m[39mPackaging application: [0m[0mDone.

[0;92mAdded new directory to watcher: /home/fzxs/workspaces/duola-tools/insur/tools-inspdinfo/inspdinfo/frontend/wailsjs/runtime[0m
[0;92mAdded new directory to watcher: /home/fzxs/workspaces/duola-tools/insur/tools-inspdinfo/inspdinfo/frontend/wailsjs/go[0m
[0;92mAdded new directory to watcher: /home/fzxs/workspaces/duola-tools/insur/tools-inspdinfo/inspdinfo/frontend/wailsjs/runtime[0m
INF | Serving assets from frontend DevServer URL: http://localhost:5173/
Overriding existing handler for signal 10. Set JSC_SIGNAL_FOR_GC if you want WebKit to use a different signal
[0;92m[Rebuild triggered] files updated[0m
  [90m[90m•[0m[0m [39m[39mGenerating bindings: [0m[0m
[0;91mBuild error - 
# inspdinfo
./app.go:147:13: undefined: playwright
./app.go:154:37: undefined: playwright
./app.go:155:13: undefined: playwright
./app.go:156:13: undefined: playwright

exit status 1[0m
[0;33mContinuing to run current version[0m
13:05:45 [vite] hmr update /src/App.vue
hmr update /src/App.vue?vue&type=style&index=0&scoped=7a7a37b1&lang.css
13:05:54 [vite] hmr update /src/App.vue
[0;92m[Rebuild triggered] files updated[0m
  [90m[90m•[0m[0m [39m[39mGenerating bindings: [0m[0m
[0;91mBuild error - 
# inspdinfo
./app.go:147:13: undefined: playwright
./app.go:154:37: undefined: playwright
./app.go:155:13: undefined: playwright
./app.go:156:13: undefined: playwright

exit status 1[0m
[0;33mContinuing to run current version[0m
[0;92m[Rebuild triggered] files updated[0m
  [90m[90m•[0m[0m [39m[39mGenerating bindings: [0m[0m
[0;91mBuild error - 
# inspdinfo
./app.go:147:13: undefined: playwright
./app.go:154:37: undefined: playwright
./app.go:155:13: undefined: playwright
./app.go:156:13: undefined: playwright

exit status 1[0m
[0;33mContinuing to run current version[0m
[0;92m[Rebuild triggered] files updated[0m
  [90m[90m•[0m[0m [39m[39mGenerating bindings: [0m[0m
[0;91mBuild error - 
# inspdinfo
./app.go:147:13: undefined: playwright
./app.go:154:37: undefined: playwright
./app.go:155:13: undefined: playwright
./app.go:156:13: undefined: playwright
./app.go:173:37: undefined: playwright
./app.go:174:14: undefined: playwright
./app.go:186:27: undefined: playwright

exit status 1[0m
[0;33mContinuing to run current version[0m
[0;92m[Rebuild triggered] files updated[0m
  [90m[90m•[0m[0m [39m[39mGenerating bindings: [0m[0m13:09:21 [vite] hmr update /src/App.vue
Done.
  [90m[90m•[0m[0m [39m[39mCompiling application: [0m[0mDone.
  [90m[90m•[0m[0m [39m[39mPackaging application: [0m[0mDone.

[0;92mAdded new directory to watcher: /home/fzxs/workspaces/duola-tools/insur/tools-inspdinfo/inspdinfo/frontend/wailsjs/runtime[0m
[0;92mAdded new directory to watcher: /home/fzxs/workspaces/duola-tools/insur/tools-inspdinfo/inspdinfo/frontend/wailsjs/go[0m
[0;92mAdded new directory to watcher: /home/fzxs/workspaces/duola-tools/insur/tools-inspdinfo/inspdinfo/frontend/wailsjs/runtime[0m
INF | Serving assets from frontend DevServer URL: http://localhost:5173/
Overriding existing handler for signal 10. Set JSC_SIGNAL_FOR_GC if you want WebKit to use a different signal
[0;92mAdded new directory to watcher: /home/fzxs/workspaces/duola-tools/insur/tools-inspdinfo/inspdinfo/frontend/wailsjs/runtime[0m
[0;92mAdded new directory to watcher: /home/fzxs/workspaces/duola-tools/insur/tools-inspdinfo/inspdinfo/frontend/wailsjs/go[0m
[0;92mAdded new directory to watcher: /home/fzxs/workspaces/duola-tools/insur/tools-inspdinfo/inspdinfo/frontend/wailsjs/go/main[0m
13:09:31 [vite] hmr update /src/App.vue
[0;92mAdded new directory to watcher: /home/fzxs/workspaces/duola-tools/insur/tools-inspdinfo/inspdinfo/frontend/wailsjs/runtime[0m
[0;92mAdded new directory to watcher: /home/fzxs/workspaces/duola-tools/insur/tools-inspdinfo/inspdinfo/frontend/wailsjs/go[0m
[0;92mAdded new directory to watcher: /home/fzxs/workspaces/duola-tools/insur/tools-inspdinfo/inspdinfo/frontend/wailsjs/go/main[0m
13:10:02 [vite] page reload dist/index.html
[0;92mAdded new directory to watcher: /home/fzxs/workspaces/duola-tools/insur/tools-inspdinfo/inspdinfo/frontend/wailsjs/runtime[0m
[0;92mAdded new directory to watcher: /home/fzxs/workspaces/duola-tools/insur/tools-inspdinfo/inspdinfo/frontend/wailsjs/go[0m
[0;92mAdded new directory to watcher: /home/fzxs/workspaces/duola-tools/insur/tools-inspdinfo/inspdinfo/frontend/wailsjs/go/main[0m
[0;92mAdded new directory to watcher: /home/fzxs/workspaces/duola-tools/insur/tools-inspdinfo/inspdinfo/frontend/wailsjs/runtime[0m
[0;92mDevelopment mode exited[0m
[31;107m[31;107m ♥  [0m[0m [92m[92mIf Wails is useful to you or your company, please consider sponsoring the project:[0m[0m
https://github.com/sponsors/leaanthony
